
Memory Configuration

Name             Origin             Length             Attributes
FLASH            0x08000000         0x00020000         xr
SRAM             0x20000000         0x00005000         xrw
*default*        0x00000000         0xffffffff

Linker script and memory map


.text           0x08000000      0x2ac
 startup.o(.vextors)
 *(.vectors*)
 .vectors       0x08000000       0x1c startup.o
                0x08000000                vectors_arr
 *(.text)
 .text          0x0800001c       0x90 startup.o
                0x0800001c                Reset_Handler
                0x080000a0                BusFault
                0x080000a0                UsageFault
                0x080000a0                Default_Handler
                0x080000a0                HardFault
                0x080000a0                MemManage
                0x080000a0                NMI
 .text          0x080000ac       0x74 alarm_monitor.o
                0x080000ac                alarm_init
                0x080000c8                alarm_monitor
                0x080000f0                alarm_waiting
 .text          0x08000120       0x3c detection_algorithm.o
                0x08000120                Detect_pressure
 .text          0x0800015c       0xc4 driver.o
                0x0800015c                Delay
                0x0800017e                getPressureVal
                0x08000194                Set_Alarm_actuator
                0x080001d0                GPIO_INITIALIZATION
 .text          0x08000220       0x28 main.o
                0x08000220                main
 .text          0x08000248       0x60 pressure_sensor.o
                0x08000248                Pressure_init
                0x08000264                Pressure_reading
                0x08000288                Pressure_waiting
 *(.text*)
 *(.rodata)
 .rodata        0x080002a8        0x4 detection_algorithm.o
                0x080002a8                threshold
                0x080002ac                . = ALIGN (0x4)
                0x080002ac                _E_text = .

.glue_7         0x080002ac        0x0
 .glue_7        0x080002ac        0x0 linker stubs

.glue_7t        0x080002ac        0x0
 .glue_7t       0x080002ac        0x0 linker stubs

.vfp11_veneer   0x080002ac        0x0
 .vfp11_veneer  0x080002ac        0x0 linker stubs

.v4_bx          0x080002ac        0x0
 .v4_bx         0x080002ac        0x0 linker stubs

.iplt           0x080002ac        0x0
 .iplt          0x080002ac        0x0 startup.o

.rel.dyn        0x080002ac        0x0
 .rel.iplt      0x080002ac        0x0 startup.o

.data           0x20000000        0xc load address 0x080002ac
                0x20000000                _S_data = .
 *(.data)
 .data          0x20000000        0x0 startup.o
 .data          0x20000000        0x4 alarm_monitor.o
                0x20000000                Alarm_state
 .data          0x20000004        0x4 detection_algorithm.o
                0x20000004                Detect_state
 .data          0x20000008        0x0 driver.o
 .data          0x20000008        0x0 main.o
 .data          0x20000008        0x4 pressure_sensor.o
                0x20000008                Pressure_state
 *(.data*)
                0x2000000c                . = ALIGN (0x4)
                0x2000000c                _E_data = .

.igot.plt       0x2000000c        0x0 load address 0x080002b8
 .igot.plt      0x2000000c        0x0 startup.o

.bss            0x2000000c     0x1008 load address 0x080002b8
                0x2000000c                _S_bss = .
 *(.bss)
 .bss           0x2000000c        0x0 startup.o
 .bss           0x2000000c        0x0 alarm_monitor.o
 .bss           0x2000000c        0x1 detection_algorithm.o
                0x2000000c                Detection_state
 .bss           0x2000000d        0x0 driver.o
 .bss           0x2000000d        0x0 main.o
 *fill*         0x2000000d        0x3 
 .bss           0x20000010        0x4 pressure_sensor.o
                0x20000010                Pressure_val
 *(.bss*)
                0x20000014                . = ALIGN (0x4)
                0x20000014                _E_bss = .
                0x20001014                . = (. + 0x1000)
 *fill*         0x20000014     0x1000 
                0x20001014                _stack_top = .
LOAD alarm_monitor.o
LOAD detection_algorithm.o
LOAD driver.o
LOAD main.o
LOAD pressure_sensor.o
LOAD startup.o
OUTPUT(learn-in-depth.elf elf32-littlearm)
LOAD linker stubs

.debug_info     0x00000000      0x6ac
 .debug_info    0x00000000      0x193 startup.o
 .debug_info    0x00000193      0x11a alarm_monitor.o
 .debug_info    0x000002ad      0x122 detection_algorithm.o
 .debug_info    0x000003cf      0x112 driver.o
 .debug_info    0x000004e1       0xcc main.o
 .debug_info    0x000005ad       0xff pressure_sensor.o

.debug_abbrev   0x00000000      0x408
 .debug_abbrev  0x00000000       0xe6 startup.o
 .debug_abbrev  0x000000e6       0xa4 alarm_monitor.o
 .debug_abbrev  0x0000018a       0xbe detection_algorithm.o
 .debug_abbrev  0x00000248       0xc3 driver.o
 .debug_abbrev  0x0000030b       0x6e main.o
 .debug_abbrev  0x00000379       0x8f pressure_sensor.o

.debug_loc      0x00000000      0x34c
 .debug_loc     0x00000000       0x7c startup.o
 .debug_loc     0x0000007c       0x84 alarm_monitor.o
 .debug_loc     0x00000100       0x44 detection_algorithm.o
 .debug_loc     0x00000144      0x140 driver.o
 .debug_loc     0x00000284       0x2c main.o
 .debug_loc     0x000002b0       0x9c pressure_sensor.o

.debug_aranges  0x00000000       0xc0
 .debug_aranges
                0x00000000       0x20 startup.o
 .debug_aranges
                0x00000020       0x20 alarm_monitor.o
 .debug_aranges
                0x00000040       0x20 detection_algorithm.o
 .debug_aranges
                0x00000060       0x20 driver.o
 .debug_aranges
                0x00000080       0x20 main.o
 .debug_aranges
                0x000000a0       0x20 pressure_sensor.o

.debug_line     0x00000000      0x4fb
 .debug_line    0x00000000      0x18a startup.o
 .debug_line    0x0000018a       0x96 alarm_monitor.o
 .debug_line    0x00000220       0x85 detection_algorithm.o
 .debug_line    0x000002a5      0x14f driver.o
 .debug_line    0x000003f4       0x92 main.o
 .debug_line    0x00000486       0x75 pressure_sensor.o

.debug_str      0x00000000      0x2f2
 .debug_str     0x00000000      0x17d startup.o
                                0x1ba (size before relaxing)
 .debug_str     0x0000017d       0x82 alarm_monitor.o
                                0x1be (size before relaxing)
 .debug_str     0x000001ff       0x4a detection_algorithm.o
                                0x1c5 (size before relaxing)
 .debug_str     0x00000249       0x4c driver.o
                                0x1a8 (size before relaxing)
 .debug_str     0x00000295       0x1b main.o
                                0x17c (size before relaxing)
 .debug_str     0x000002b0       0x42 pressure_sensor.o
                                0x1a6 (size before relaxing)

.comment        0x00000000       0x49
 .comment       0x00000000       0x49 startup.o
                                 0x4a (size before relaxing)
 .comment       0x00000049       0x4a alarm_monitor.o
 .comment       0x00000049       0x4a detection_algorithm.o
 .comment       0x00000049       0x4a driver.o
 .comment       0x00000049       0x4a main.o
 .comment       0x00000049       0x4a pressure_sensor.o

.ARM.attributes
                0x00000000       0x2d
 .ARM.attributes
                0x00000000       0x2d startup.o
 .ARM.attributes
                0x0000002d       0x2d alarm_monitor.o
 .ARM.attributes
                0x0000005a       0x2d detection_algorithm.o
 .ARM.attributes
                0x00000087       0x2d driver.o
 .ARM.attributes
                0x000000b4       0x2d main.o
 .ARM.attributes
                0x000000e1       0x2d pressure_sensor.o

.debug_frame    0x00000000      0x218
 .debug_frame   0x00000000       0x50 startup.o
 .debug_frame   0x00000050       0x64 alarm_monitor.o
 .debug_frame   0x000000b4       0x30 detection_algorithm.o
 .debug_frame   0x000000e4       0xa0 driver.o
 .debug_frame   0x00000184       0x2c main.o
 .debug_frame   0x000001b0       0x68 pressure_sensor.o
