
Memory Configuration

Name             Origin             Length             Attributes
FLASH            0x08000000         0x00020000         xr
SRAM             0x20000000         0x00005000         xrw
*default*        0x00000000         0xffffffff

Linker script and memory map


.text           0x08000000      0x128
 startup.o(.vextors)
 *(.vectors*)
 .vectors       0x08000000       0x1c startup.o
                0x08000000                vectors_arr
 *(.text)
 .text          0x0800001c       0x90 startup.o
                0x0800001c                Reset_Handler
                0x080000a0                BusFault
                0x080000a0                UsageFault
                0x080000a0                Default_Handler
                0x080000a0                HardFault
                0x080000a0                MemManage
                0x080000a0                NMI
 .text          0x080000ac       0x7c main.o
                0x080000ac                main
 *(.text*)
 *(.rodata)
                0x08000128                . = ALIGN (0x4)
                0x08000128                _E_text = .

.glue_7         0x08000128        0x0
 .glue_7        0x08000128        0x0 linker stubs

.glue_7t        0x08000128        0x0
 .glue_7t       0x08000128        0x0 linker stubs

.vfp11_veneer   0x08000128        0x0
 .vfp11_veneer  0x08000128        0x0 linker stubs

.v4_bx          0x08000128        0x0
 .v4_bx         0x08000128        0x0 linker stubs

.iplt           0x08000128        0x0
 .iplt          0x08000128        0x0 startup.o

.rel.dyn        0x08000128        0x0
 .rel.iplt      0x08000128        0x0 startup.o

.data           0x20000000       0x64 load address 0x08000128
                0x20000000                _S_data = .
 *(.data)
 .data          0x20000000        0x0 startup.o
 .data          0x20000000       0x64 main.o
                0x20000000                arr
 *(.data*)
                0x20000064                . = ALIGN (0x4)
                0x20000064                _E_data = .

.igot.plt       0x20000064        0x0 load address 0x0800018c
 .igot.plt      0x20000064        0x0 startup.o

.bss            0x20000064     0x1000 load address 0x0800018c
                0x20000064                _S_bss = .
 *(.bss)
 .bss           0x20000064        0x0 startup.o
 .bss           0x20000064        0x0 main.o
 *(.bss*)
                0x20000064                . = ALIGN (0x4)
                0x20000064                _E_bss = .
                0x20001064                . = (. + 0x1000)
 *fill*         0x20000064     0x1000 
                0x20001064                _stack_top = .
LOAD main.o
LOAD startup.o
OUTPUT(learn-in-depth.elf elf32-littlearm)
LOAD linker stubs

.debug_info     0x00000000      0x2d3
 .debug_info    0x00000000      0x193 startup.o
 .debug_info    0x00000193      0x140 main.o

.debug_abbrev   0x00000000      0x1d7
 .debug_abbrev  0x00000000       0xe6 startup.o
 .debug_abbrev  0x000000e6       0xf1 main.o

.debug_loc      0x00000000       0xb4
 .debug_loc     0x00000000       0x7c startup.o
 .debug_loc     0x0000007c       0x38 main.o

.debug_aranges  0x00000000       0x40
 .debug_aranges
                0x00000000       0x20 startup.o
 .debug_aranges
                0x00000020       0x20 main.o

.debug_line     0x00000000      0x2d4
 .debug_line    0x00000000      0x18a startup.o
 .debug_line    0x0000018a      0x14a main.o

.debug_str      0x00000000      0x198
 .debug_str     0x00000000      0x167 startup.o
                                0x1a4 (size before relaxing)
 .debug_str     0x00000167       0x31 main.o
                                0x16b (size before relaxing)

.comment        0x00000000       0x49
 .comment       0x00000000       0x49 startup.o
                                 0x4a (size before relaxing)
 .comment       0x00000049       0x4a main.o

.ARM.attributes
                0x00000000       0x2d
 .ARM.attributes
                0x00000000       0x2d startup.o
 .ARM.attributes
                0x0000002d       0x2d main.o

.debug_frame    0x00000000       0x7c
 .debug_frame   0x00000000       0x50 startup.o
 .debug_frame   0x00000050       0x2c main.o
