
Memory Configuration

Name             Origin             Length             Attributes
FLASH            0x00000000         0x00020000         xr
SRAM             0x20000000         0x00005000         xrw
*default*        0x00000000         0xffffffff

Linker script and memory map


.text           0x00000000      0x140
 startup.o(.vextors)
 *(.vectors*)
 .vectors       0x00000000       0x1c startup.o
                0x00000000                vectors_arr
 *(.text)
 .text          0x0000001c       0x90 startup.o
                0x0000001c                Reset_Handler
                0x000000a0                BusFault
                0x000000a0                UsageFault
                0x000000a0                Default_Handler
                0x000000a0                HardFault
                0x000000a0                MemManage
                0x000000a0                NMI
 .text          0x000000ac       0x94 main.o
                0x000000ac                main
 *(.text*)
 *(.rodata)
                0x00000140                . = ALIGN (0x4)
                0x00000140                _E_text = .

.glue_7         0x00000140        0x0
 .glue_7        0x00000140        0x0 linker stubs

.glue_7t        0x00000140        0x0
 .glue_7t       0x00000140        0x0 linker stubs

.vfp11_veneer   0x00000140        0x0
 .vfp11_veneer  0x00000140        0x0 linker stubs

.v4_bx          0x00000140        0x0
 .v4_bx         0x00000140        0x0 linker stubs

.iplt           0x00000140        0x0
 .iplt          0x00000140        0x0 startup.o

.rel.dyn        0x00000140        0x0
 .rel.iplt      0x00000140        0x0 startup.o

.data           0x20000000       0x1c load address 0x00000140
                0x20000000                _S_data = .
 *(.data)
 .data          0x20000000        0x0 startup.o
 .data          0x20000000       0x1c main.o
                0x20000000                str
 *(.data*)
                0x2000001c                . = ALIGN (0x4)
                0x2000001c                _E_data = .

.igot.plt       0x2000001c        0x0 load address 0x0000015c
 .igot.plt      0x2000001c        0x0 startup.o

.bss            0x2000001c      0x400 load address 0x0000015c
                0x2000001c                _S_bss = .
 *(.bss)
 .bss           0x2000001c      0x400 startup.o
 .bss           0x2000041c        0x0 main.o
 *(.bss*)
                0x2000041c                . = ALIGN (0x4)
                0x2000041c                _E_bss = .
LOAD main.o
LOAD startup.o
OUTPUT(learn_in_depth.elf elf32-littlearm)
LOAD linker stubs

.debug_info     0x00000000      0x297
 .debug_info    0x00000000      0x1c0 startup.o
 .debug_info    0x000001c0       0xd7 main.o

.debug_abbrev   0x00000000      0x17d
 .debug_abbrev  0x00000000       0xf2 startup.o
 .debug_abbrev  0x000000f2       0x8b main.o

.debug_loc      0x00000000       0xb4
 .debug_loc     0x00000000       0x7c startup.o
 .debug_loc     0x0000007c       0x38 main.o

.debug_aranges  0x00000000       0x40
 .debug_aranges
                0x00000000       0x20 startup.o
 .debug_aranges
                0x00000020       0x20 main.o

.debug_line     0x00000000      0x2e1
 .debug_line    0x00000000      0x18a startup.o
 .debug_line    0x0000018a      0x157 main.o

.debug_str      0x00000000      0x178
 .debug_str     0x00000000      0x16c startup.o
                                0x1a9 (size before relaxing)
 .debug_str     0x0000016c        0xc main.o
                                0x146 (size before relaxing)

.comment        0x00000000       0x49
 .comment       0x00000000       0x49 startup.o
                                 0x4a (size before relaxing)
 .comment       0x00000049       0x4a main.o

.ARM.attributes
                0x00000000       0x2e
 .ARM.attributes
                0x00000000       0x2e startup.o
 .ARM.attributes
                0x0000002e       0x2e main.o

.debug_frame    0x00000000       0x7c
 .debug_frame   0x00000000       0x50 startup.o
 .debug_frame   0x00000050       0x2c main.o
